default=1
timeout=1
color black/yellow yellow/blue 
gfxmenu (cd)/boot/grub/message.new 

title Linux 
root (cd)
kernel /linux root=/dev/ram0 init=/linuxrc ramdisk_size=65000 vga=788 rhgb
#kernel /linux root=/dev/hdc init=/linuxrc ramdisk_size=65000 vga=788 rhgb
initrd /initrd.gz 


title Netbas OS 0.23 (Debugger Mode)
root (cd)
kernel /boot/kernel.gz /kmem=64  /debug=1 /debugport=/dev/ttys/1 /baudrate=115200  /fsroot=/dev/atapi,r
module /system/drivers/ide.gz    /device
module /system/servers/fs.gz   /device
module /system/init   /init

title Netbas OS 0.23 
root (cd)
kernel /boot/kernel.gz /DISNET=1  /debug=1 /kmem=16    /USECONSOLE=tty1 /fsroot=/dev/atapi,r
module /system/drivers/ide.gz    /device
module /system/servers/fs.gz   /device
module /system/init  /init


#title Netbas OS 0.23 (Romfs Image)
#root (cd)
#kernel /boot/kernel.gz /DISNET=1 /blocksize=512  /debug=1  /fsroot=/dev/ramdisk,r
#module /romfs.img.gz	/ramdisk 
#module /system/servers/fs.gz  /device
#module /system/servers/romfs.gz  --remount /device
#module /system/init   /init


#title Netbas OS 0.23 (FAT Image)
#root (cd)
#kernel /boot/kernel.gz  /blocksize=512  /debug=1 /debugport=/dev/ttys/1 /baudrate=115200 /fsroot=/dev/ramdisk,rw
#module /fat.img	/ramdisk 
#module /system/servers/fs.gz   /device
#module /system/init   /init

title Netbas OS 0.23 (minixfs)
root (cd)
kernel /boot/kernel.gz  /blocksize=512  /debug=1 /fsroot=/dev/hdc,rw
module /system/drivers/ide.gz    /device
#module /mfs.img.gz	/ramdisk 
module /system/servers/fs.gz   /device
module /system/init   /init



#tty0:cosole
#tty1:640x480
#tty2:800x600
#tty3:1024x768

title Boot from Harddisk
rootnoverify (hd0,0)
chainloader +1

