Archive member included because of file (symbol)

d:/jicamasdk/uclibc/lib/\libnetbas.a(api.o)
                              ./jicama//init.o (netbas_setup)
d:/jicamasdk/uclibc/lib/\libc.a(__uClibc_main.o)
                              d:/jicamasdk/uclibc/lib/crt0.o (__uClibc_main)
d:/jicamasdk/uclibc/lib/\libc.a(errno.o)
                              ./jicama//init.o (errno)
d:/jicamasdk/uclibc/lib/\libc.a(perror.o)
                              ./jicama//init.o (perror)
d:/jicamasdk/uclibc/lib/\libc.a(puts.o)
                              ./jicama//init.o (puts)
d:/jicamasdk/uclibc/lib/\libc.a(_stdio_init.o)
                              d:/jicamasdk/uclibc/lib/\libc.a(puts.o) (stdout)
d:/jicamasdk/uclibc/lib/\libc.a(vsnprintf.o)
                              d:/jicamasdk/uclibc/lib/\libnetbas.a(api.o) (vsnprintf)
d:/jicamasdk/uclibc/lib/\libc.a(fprintf.o)
                              d:/jicamasdk/uclibc/lib/\libc.a(perror.o) (fprintf)
d:/jicamasdk/uclibc/lib/\libc.a(printf.o)
                              ./jicama//init.o (printf)
d:/jicamasdk/uclibc/lib/\libc.a(sprintf.o)
                              ./jicama//init.o (sprintf)
d:/jicamasdk/uclibc/lib/\libc.a(vfprintf.o)
                              d:/jicamasdk/uclibc/lib/\libc.a(vsnprintf.o) (vfprintf)
d:/jicamasdk/uclibc/lib/\libc.a(_fpmaxtostr.o)
                              d:/jicamasdk/uclibc/lib/\libc.a(vfprintf.o) (_fpmaxtostr)
d:/jicamasdk/uclibc/lib/\libc.a(memset.o)
                              d:/jicamasdk/uclibc/lib/\libc.a(_fpmaxtostr.o) (memset)
d:/jicamasdk/uclibc/lib/\libc.a(strcasecmp.o)
                              ./jicama//init.o (strcasecmp)
d:/jicamasdk/uclibc/lib/\libc.a(strlen.o)
                              d:/jicamasdk/uclibc/lib/\libc.a(vfprintf.o) (strlen)
d:/jicamasdk/uclibc/lib/\libc.a(strnlen.o)
                              d:/jicamasdk/uclibc/lib/\libc.a(vfprintf.o) (strnlen)
d:/jicamasdk/uclibc/lib/\libc.a(strerror.o)
                              ./jicama//init.o (strerror)
d:/jicamasdk/uclibc/lib/\libc.a(_susv3_strerror_r.o)
                              d:/jicamasdk/uclibc/lib/\libc.a(strerror.o) (_susv3_strerror_r)
d:/jicamasdk/uclibc/lib/\libc.a(_string_syserrmsgs.o)
                              d:/jicamasdk/uclibc/lib/\libc.a(_susv3_strerror_r.o) (_string_syserrmsgs)
d:/jicamasdk/uclibc/lib/\libc.a(_glibc_strerror_r.o)
                              d:/jicamasdk/uclibc/lib/\libc.a(perror.o) (_glibc_strerror_r)
d:/jicamasdk/uclibc/lib/\libc.a(isatty.o)
                              d:/jicamasdk/uclibc/lib/\libc.a(_stdio_init.o) (isatty)
d:/jicamasdk/uclibc/lib/\libc.a(tcgetattr.o)
                              d:/jicamasdk/uclibc/lib/\libc.a(isatty.o) (tcgetattr)
d:/jicamasdk/uclibc/lib/\libc.a(sigaction.o)
                              ./jicama//init.o (sigaction)
d:/jicamasdk/uclibc/lib/\libc.a(atol.o)
                              ./jicama//init.o (atoi)
d:/jicamasdk/uclibc/lib/\libc.a(strtol.o)
                              d:/jicamasdk/uclibc/lib/\libc.a(atol.o) (strtol)
d:/jicamasdk/uclibc/lib/\libc.a(_stdlib_strto_l.o)
                              d:/jicamasdk/uclibc/lib/\libc.a(strtol.o) (_stdlib_strto_l)
d:/jicamasdk/uclibc/lib/\libc.a(exit.o)
                              ./jicama//init.o (exit)
d:/jicamasdk/uclibc/lib/\libc.a(setenv.o)
                              ./jicama//init.o (putenv)
d:/jicamasdk/uclibc/lib/\libc.a(malloc.o)
                              d:/jicamasdk/uclibc/lib/\libnetbas.a(api.o) (malloc)
d:/jicamasdk/uclibc/lib/\libc.a(free.o)
                              d:/jicamasdk/uclibc/lib/\libnetbas.a(api.o) (free)
d:/jicamasdk/uclibc/lib/\libc.a(realloc.o)
                              d:/jicamasdk/uclibc/lib/\libc.a(setenv.o) (realloc)
d:/jicamasdk/uclibc/lib/\libc.a(heap_alloc.o)
                              d:/jicamasdk/uclibc/lib/\libc.a(malloc.o) (__heap_alloc)
d:/jicamasdk/uclibc/lib/\libc.a(heap_alloc_at.o)
                              d:/jicamasdk/uclibc/lib/\libc.a(realloc.o) (__heap_alloc_at)
d:/jicamasdk/uclibc/lib/\libc.a(heap_free.o)
                              d:/jicamasdk/uclibc/lib/\libc.a(malloc.o) (__heap_free)
d:/jicamasdk/uclibc/lib/\libc.a(getcwd.o)
                              ./jicama//init.o (getcwd)
d:/jicamasdk/uclibc/lib/\libc.a(wait.o)
                              ./jicama//init.o (wait)
d:/jicamasdk/uclibc/lib/\libc.a(_exit.o)
                              d:/jicamasdk/uclibc/lib/\libc.a(exit.o) (_exit)
d:/jicamasdk/uclibc/lib/\libc.a(sbrk.o)
                              d:/jicamasdk/uclibc/lib/\libc.a(malloc.o) (sbrk)
d:/jicamasdk/uclibc/lib/\libc.a(__libc_fork.o)
                              ./jicama//init.o (fork)
d:/jicamasdk/uclibc/lib/\libc.a(__libc_read.o)
                              ./jicama//init.o (read)
d:/jicamasdk/uclibc/lib/\libc.a(__libc_write.o)
                              ./jicama//init.o (write)
d:/jicamasdk/uclibc/lib/\libc.a(__syscall_open.o)
                              ./jicama//init.o (open)
d:/jicamasdk/uclibc/lib/\libc.a(__libc_close.o)
                              ./jicama//init.o (close)
d:/jicamasdk/uclibc/lib/\libc.a(__syscall_execve.o)
                              ./jicama//init.o (execve)
d:/jicamasdk/uclibc/lib/\libc.a(__syscall_setuid.o)
                              ./jicama//init.o (setuid)
d:/jicamasdk/uclibc/lib/\libc.a(dup.o)
                              ./jicama//init.o (dup)
d:/jicamasdk/uclibc/lib/\libc.a(__syscall_ioctl.o)
                              ./jicama//init.o (ioctl)
d:/jicamasdk/uclibc/lib/\libc.a(__syscall_stat.o)
                              ./jicama//init.o (stat)
d:/jicamasdk/uclibc/lib/\libc.a(__syscall_wait4.o)
                              d:/jicamasdk/uclibc/lib/\libc.a(wait.o) (wait4)
d:/jicamasdk/uclibc/lib/\libc.a(uname.o)
                              ./jicama//init.o (uname)
d:/jicamasdk/uclibc/lib/\libc.a(__syscall_rt_sigaction.o)
                              d:/jicamasdk/uclibc/lib/\libc.a(sigaction.o) (__syscall_rt_sigaction)
d:/jicamasdk/uclibc/lib/\libc.a(brk.o)
                              d:/jicamasdk/uclibc/lib/\libc.a(sbrk.o) (___brk_addr)
d:/jicamasdk/uclibc/lib/\libc.a(tolower.o)
                              d:/jicamasdk/uclibc/lib/\libc.a(strcasecmp.o) (tolower)
d:/jicamasdk/uclibc/lib/\libc.a(__C_ctype_b.o)
                              d:/jicamasdk/uclibc/lib/\libc.a(_stdlib_strto_l.o) (__ctype_b)
d:/jicamasdk/uclibc/lib/\libc.a(__C_ctype_tolower.o)
                              d:/jicamasdk/uclibc/lib/\libc.a(tolower.o) (__ctype_tolower)
d:/jicamasdk/uclibc/lib/\libc.a(fflush.o)
                              d:/jicamasdk/uclibc/lib/\libc.a(_stdio_init.o) (fflush_unlocked)
d:/jicamasdk/uclibc/lib/\libc.a(fputc.o)
                              d:/jicamasdk/uclibc/lib/\libc.a(puts.o) (fputc_unlocked)
d:/jicamasdk/uclibc/lib/\libc.a(fputs.o)
                              d:/jicamasdk/uclibc/lib/\libc.a(puts.o) (fputs_unlocked)
d:/jicamasdk/uclibc/lib/\libc.a(_stdio_fwrite.o)
                              d:/jicamasdk/uclibc/lib/\libc.a(vfprintf.o) (_stdio_fwrite)
d:/jicamasdk/uclibc/lib/\libc.a(_stdio_lseek.o)
                              d:/jicamasdk/uclibc/lib/\libc.a(_stdio_fwrite.o) (_stdio_lseek)
d:/jicamasdk/uclibc/lib/\libc.a(_uintmaxtostr.o)
                              d:/jicamasdk/uclibc/lib/\libc.a(vfprintf.o) (_uintmaxtostr)
d:/jicamasdk/uclibc/lib/\libc.a(_store_inttype.o)
                              d:/jicamasdk/uclibc/lib/\libc.a(vfprintf.o) (_store_inttype)
d:/jicamasdk/uclibc/lib/\libc.a(_load_inttype.o)
                              d:/jicamasdk/uclibc/lib/\libc.a(vfprintf.o) (_load_inttype)
d:/jicamasdk/uclibc/lib/\libc.a(_ppfs_init.o)
                              d:/jicamasdk/uclibc/lib/\libc.a(vfprintf.o) (_ppfs_init)
d:/jicamasdk/uclibc/lib/\libc.a(_ppfs_prepargs.o)
                              d:/jicamasdk/uclibc/lib/\libc.a(vfprintf.o) (_ppfs_prepargs)
d:/jicamasdk/uclibc/lib/\libc.a(_ppfs_setargs.o)
                              d:/jicamasdk/uclibc/lib/\libc.a(vfprintf.o) (_ppfs_setargs)
d:/jicamasdk/uclibc/lib/\libc.a(_ppfs_parsespec.o)
                              d:/jicamasdk/uclibc/lib/\libc.a(vfprintf.o) (_ppfs_parsespec)
d:/jicamasdk/uclibc/lib/\libc.a(memcpy.o)
                              d:/jicamasdk/uclibc/lib/\libc.a(_susv3_strerror_r.o) (memcpy)
d:/jicamasdk/uclibc/lib/\libc.a(mempcpy.o)
                              d:/jicamasdk/uclibc/lib/\libc.a(tcgetattr.o) (mempcpy)
d:/jicamasdk/uclibc/lib/\libc.a(strchr.o)
                              d:/jicamasdk/uclibc/lib/\libc.a(setenv.o) (strchr)
d:/jicamasdk/uclibc/lib/\libc.a(strncmp.o)
                              d:/jicamasdk/uclibc/lib/\libc.a(setenv.o) (strncmp)
d:/jicamasdk/uclibc/lib/\libc.a(strndup.o)
                              d:/jicamasdk/uclibc/lib/\libc.a(setenv.o) (strndup)
d:/jicamasdk/uclibc/lib/\libc.a(xstatconv.o)
                              d:/jicamasdk/uclibc/lib/\libc.a(__syscall_stat.o) (__xstat_conv)
d:/jicamasdk/uclibc/lib/\libc.a(__libc_lseek.o)
                              d:/jicamasdk/uclibc/lib/\libc.a(_stdio_lseek.o) (lseek)
d:/jicamasdk/uclibc/lib/\libc.a(fseek.o)
                              d:/jicamasdk/uclibc/lib/\libc.a(_stdio_fwrite.o) (fseek)
d:/jicamasdk/uclibc/lib/\libc.a(_stdio_adjpos.o)
                              d:/jicamasdk/uclibc/lib/\libc.a(fseek.o) (_stdio_adjpos)

Allocating common symbols
Common symbol       size              file

environ             0x4               ./jicama//init.o

Memory Configuration

Name             Origin             Length             Attributes
*default*        0x00000000         0xffffffff

Linker script and memory map

Address of section .text set to 0x1000
Address of section .text set to 0x1000
LOAD d:/jicamasdk/uclibc/lib/crt0.o
LOAD ./jicama//init.o
LOAD d:/jicamasdk/uclibc/lib/\libm.a
LOAD d:/jicamasdk/uclibc/lib/\libnetbas.a
LOAD d:/jicamasdk/uclibc/lib/\libc.a
LOAD d:/jicamasdk/uclibc/lib/\libgcc.a
                0x08048074                . = (0x8048000 + SIZEOF_HEADERS)

.interp
 *(.interp)

.hash
 *(.hash)

.dynsym
 *(.dynsym)

.dynstr
 *(.dynstr)

.gnu.version
 *(.gnu.version)

.gnu.version_d
 *(.gnu.version_d)

.gnu.version_r
 *(.gnu.version_r)

.rel.init
 *(.rel.init)

.rela.init
 *(.rela.init)

.rel.text
 *(.rel.text .rel.text.* .rel.gnu.linkonce.t.*)

.rela.text
 *(.rela.text .rela.text.* .rela.gnu.linkonce.t.*)

.rel.fini
 *(.rel.fini)

.rela.fini
 *(.rela.fini)

.rel.rodata
 *(.rel.rodata .rel.rodata.* .rel.gnu.linkonce.r.*)

.rela.rodata
 *(.rela.rodata .rela.rodata.* .rela.gnu.linkonce.r.*)

.rel.data
 *(.rel.data .rel.data.* .rel.gnu.linkonce.d.*)

.rela.data
 *(.rela.data .rela.data.* .rela.gnu.linkonce.d.*)

.rel.tdata
 *(.rel.tdata .rel.tdata.* .rel.gnu.linkonce.td.*)

.rela.tdata
 *(.rela.tdata .rela.tdata.* .rela.gnu.linkonce.td.*)

.rel.tbss
 *(.rel.tbss .rel.tbss.* .rel.gnu.linkonce.tb.*)

.rela.tbss
 *(.rela.tbss .rela.tbss.* .rela.gnu.linkonce.tb.*)

.rel.ctors
 *(.rel.ctors)

.rela.ctors
 *(.rela.ctors)

.rel.dtors
 *(.rel.dtors)

.rela.dtors
 *(.rela.dtors)

.rel.got
 *(.rel.got)

.rela.got
 *(.rela.got)

.rel.bss
 *(.rel.bss .rel.bss.* .rel.gnu.linkonce.b.*)

.rela.bss
 *(.rela.bss .rela.bss.* .rela.gnu.linkonce.b.*)

.rel.plt
 *(.rel.plt)

.rela.plt
 *(.rela.plt)

.init
 *(.init)

.plt
 *(.plt)

.text           0x00001000     0x4a75
 *(.text .stub .text.* .gnu.linkonce.t.*)
 .text          0x00001000       0x1b d:/jicamasdk/uclibc/lib/crt0.o
                0x00001000                _start
 *fill*         0x0000101b        0x1 90909090
 .text          0x0000101c      0x5f5 ./jicama//init.o
                0x000014ac                test_file_system
                0x00001428                sigh
                0x00001518                tell
                0x000013fc                sigact
                0x0000101c                main
                0x00001470                load_modules
                0x00001540                report
 *fill*         0x00001611        0x3 90909090
 .text          0x00001614      0x2f5 d:/jicamasdk/uclibc/lib/\libnetbas.a(api.o)
                0x0000168e                netbas_inport
                0x000016dd                netbas_module_out
                0x000016b6                netbas_module_in
                0x00001614                netbas_log
                0x0000188b                netbas_closedir
                0x00001841                readdir
                0x000018d9                __set_h_errno
                0x00001744                netbas_setup
                0x0000177b                video_stat
                0x0000179e                netbas_opendir
                0x00001703                netbas_reboot
                0x0000179e                opendir
                0x000018b6                netbas_ioctl
                0x00001759                mouse_stat
                0x00001666                netbas_outport
                0x00001841                netbas_readdir
                0x0000188b                closedir
 *fill*         0x00001909        0x3 90909090
 .text          0x0000190c       0xad d:/jicamasdk/uclibc/lib/\libc.a(__uClibc_main.o)
                0x0000190c                __uClibc_init
                0x0000199e                __uClibc_main
                0x00001933                __uClibc_start_main
 *fill*         0x000019b9        0x3 90909090
 .text          0x000019bc       0x5b d:/jicamasdk/uclibc/lib/\libc.a(perror.o)
                0x000019bc                perror
 *fill*         0x00001a17        0x1 90909090
 .text          0x00001a18       0x43 d:/jicamasdk/uclibc/lib/\libc.a(puts.o)
                0x00001a18                puts
 *fill*         0x00001a5b        0x1 90909090
 .text          0x00001a5c       0x6d d:/jicamasdk/uclibc/lib/\libc.a(_stdio_init.o)
                0x00001a5c                _stdio_term
                0x00001a71                _stdio_init
 *fill*         0x00001ac9        0x3 90909090
 .text          0x00001acc       0x7f d:/jicamasdk/uclibc/lib/\libc.a(vsnprintf.o)
                0x00001acc                vsnprintf
 *fill*         0x00001b4b        0x1 90909090
 .text          0x00001b4c       0x28 d:/jicamasdk/uclibc/lib/\libc.a(fprintf.o)
                0x00001b4c                fprintf
 .text          0x00001b74       0x2b d:/jicamasdk/uclibc/lib/\libc.a(printf.o)
                0x00001b74                printf
 *fill*         0x00001b9f        0x1 90909090
 .text          0x00001ba0       0x27 d:/jicamasdk/uclibc/lib/\libc.a(sprintf.o)
                0x00001ba0                sprintf
 *fill*         0x00001bc7        0x1 90909090
 .text          0x00001bc8      0x7cc d:/jicamasdk/uclibc/lib/\libc.a(vfprintf.o)
                0x0000221f                vfprintf
 .text          0x00002394      0x98e d:/jicamasdk/uclibc/lib/\libc.a(_fpmaxtostr.o)
                0x00002394                _fpmaxtostr
 *fill*         0x00002d22        0x2 90909090
 .text          0x00002d24       0x25 d:/jicamasdk/uclibc/lib/\libc.a(memset.o)
                0x00002d24                memset
 *fill*         0x00002d49        0x3 90909090
 .text          0x00002d4c       0x61 d:/jicamasdk/uclibc/lib/\libc.a(strcasecmp.o)
                0x00002d4c                strcasecmp
 *fill*         0x00002dad        0x3 90909090
 .text          0x00002db0       0x26 d:/jicamasdk/uclibc/lib/\libc.a(strlen.o)
                0x00002db0                strlen
 *fill*         0x00002dd6        0x2 90909090
 .text          0x00002dd8       0x29 d:/jicamasdk/uclibc/lib/\libc.a(strnlen.o)
                0x00002dd8                strnlen
 *fill*         0x00002e01        0x3 90909090
 .text          0x00002e04       0x22 d:/jicamasdk/uclibc/lib/\libc.a(strerror.o)
                0x00002e04                strerror
 *fill*         0x00002e26        0x2 90909090
 .text          0x00002e28       0xee d:/jicamasdk/uclibc/lib/\libc.a(_susv3_strerror_r.o)
                0x00002e28                _susv3_strerror_r
 *fill*         0x00002f16        0x2 90909090
 .text          0x00002f18       0x1f d:/jicamasdk/uclibc/lib/\libc.a(_glibc_strerror_r.o)
                0x00002f18                __strerror_r
                0x00002f18                _glibc_strerror_r
 *fill*         0x00002f37        0x1 90909090
 .text          0x00002f38       0x2d d:/jicamasdk/uclibc/lib/\libc.a(isatty.o)
                0x00002f38                isatty
 *fill*         0x00002f65        0x3 90909090
 .text          0x00002f68       0x7c d:/jicamasdk/uclibc/lib/\libc.a(tcgetattr.o)
                0x00002f68                tcgetattr
 *fill*         0x00002fe4        0xc 90909090
 .text          0x00002ff0      0x160 d:/jicamasdk/uclibc/lib/\libc.a(sigaction.o)
                0x00002ff0                __libc_sigaction
                0x00002ff0                sigaction
 .text          0x00003150       0x1a d:/jicamasdk/uclibc/lib/\libc.a(atol.o)
                0x00003150                atol
                0x00003150                atoi
 *fill*         0x0000316a        0x2 90909090
 .text          0x0000316c       0x1b d:/jicamasdk/uclibc/lib/\libc.a(strtol.o)
                0x0000316c                strtol
 *fill*         0x00003187        0x1 90909090
 .text          0x00003188      0x1ec d:/jicamasdk/uclibc/lib/\libc.a(_stdlib_strto_l.o)
                0x00003188                _stdlib_strto_l
 .text          0x00003374       0x38 d:/jicamasdk/uclibc/lib/\libc.a(exit.o)
                0x00003374                exit
 .text          0x000033ac      0x414 d:/jicamasdk/uclibc/lib/\libc.a(setenv.o)
                0x00003635                unsetenv
                0x000033ac                __add_to_environ
                0x00003742                putenv
                0x000036fa                clearenv
                0x0000361a                setenv
 .text          0x000037c0      0x13b d:/jicamasdk/uclibc/lib/\libc.a(malloc.o)
                0x000038a4                malloc
 *fill*         0x000038fb        0x1 90909090
 .text          0x000038fc      0x11e d:/jicamasdk/uclibc/lib/\libc.a(free.o)
                0x000039bd                free
 *fill*         0x00003a1a        0x2 90909090
 .text          0x00003a1c      0x13a d:/jicamasdk/uclibc/lib/\libc.a(realloc.o)
                0x00003a1c                realloc
 *fill*         0x00003b56        0x2 90909090
 .text          0x00003b58      0x10b d:/jicamasdk/uclibc/lib/\libc.a(heap_alloc.o)
                0x00003b58                __heap_alloc
 *fill*         0x00003c63        0x1 90909090
 .text          0x00003c64      0x102 d:/jicamasdk/uclibc/lib/\libc.a(heap_alloc_at.o)
                0x00003c64                __heap_alloc_at
 *fill*         0x00003d66        0x2 90909090
 .text          0x00003d68      0x1e5 d:/jicamasdk/uclibc/lib/\libc.a(heap_free.o)
                0x00003d68                __heap_free
 *fill*         0x00003f4d        0x3 90909090
 .text          0x00003f50      0x108 d:/jicamasdk/uclibc/lib/\libc.a(getcwd.o)
                0x00003f50                getcwd
 .text          0x00004058       0x1f d:/jicamasdk/uclibc/lib/\libc.a(wait.o)
                0x00004058                wait
                0x00004058                __libc_wait
 *fill*         0x00004077        0x1 90909090
 .text          0x00004078       0x38 d:/jicamasdk/uclibc/lib/\libc.a(_exit.o)
                0x00004078                _exit
 .text          0x000040b0       0x6b d:/jicamasdk/uclibc/lib/\libc.a(sbrk.o)
                0x000040b0                sbrk
 *fill*         0x0000411b        0x1 90909090
 .text          0x0000411c       0x2f d:/jicamasdk/uclibc/lib/\libc.a(__libc_fork.o)
                0x0000411c                fork
                0x0000411c                __libc_fork
 *fill*         0x0000414b        0x1 90909090
 .text          0x0000414c       0x41 d:/jicamasdk/uclibc/lib/\libc.a(__libc_read.o)
                0x0000414c                __libc_read
                0x0000414c                read
 *fill*         0x0000418d        0x3 90909090
 .text          0x00004190       0x41 d:/jicamasdk/uclibc/lib/\libc.a(__libc_write.o)
                0x00004190                __write
                0x00004190                write
                0x00004190                __libc_write
 *fill*         0x000041d1        0x3 90909090
 .text          0x000041d4       0xa6 d:/jicamasdk/uclibc/lib/\libc.a(__syscall_open.o)
                0x00004213                creat
                0x000041d4                __libc_open
                0x000041d4                open
 *fill*         0x0000427a        0x2 90909090
 .text          0x0000427c       0x3b d:/jicamasdk/uclibc/lib/\libc.a(__libc_close.o)
                0x0000427c                __libc_close
                0x0000427c                close
 *fill*         0x000042b7        0x1 90909090
 .text          0x000042b8       0x41 d:/jicamasdk/uclibc/lib/\libc.a(__syscall_execve.o)
                0x000042b8                execve
 *fill*         0x000042f9        0x3 90909090
 .text          0x000042fc       0x85 d:/jicamasdk/uclibc/lib/\libc.a(__syscall_setuid.o)
                0x000042fc                setuid
 *fill*         0x00004381        0x3 90909090
 .text          0x00004384       0x3b d:/jicamasdk/uclibc/lib/\libc.a(dup.o)
                0x00004384                dup
 *fill*         0x000043bf        0x1 90909090
 .text          0x000043c0       0x74 d:/jicamasdk/uclibc/lib/\libc.a(__syscall_ioctl.o)
                0x00004401                ioctl
                0x000043c0                __syscall_ioctl
 .text          0x00004434       0x71 d:/jicamasdk/uclibc/lib/\libc.a(__syscall_stat.o)
                0x0000446d                stat
                0x00004434                __syscall_stat
 *fill*         0x000044a5        0x3 90909090
 .text          0x000044a8       0x62 d:/jicamasdk/uclibc/lib/\libc.a(__syscall_wait4.o)
                0x000044a8                wait4
 *fill*         0x0000450a        0x2 90909090
 .text          0x0000450c       0x3b d:/jicamasdk/uclibc/lib/\libc.a(uname.o)
                0x0000450c                uname
 *fill*         0x00004547        0x1 90909090
 .text          0x00004548       0x46 d:/jicamasdk/uclibc/lib/\libc.a(__syscall_rt_sigaction.o)
                0x00004548                __syscall_rt_sigaction
 *fill*         0x0000458e        0x2 90909090
 .text          0x00004590       0x4b d:/jicamasdk/uclibc/lib/\libc.a(brk.o)
                0x00004590                brk
 *fill*         0x000045db        0x1 90909090
 .text          0x000045dc       0x32 d:/jicamasdk/uclibc/lib/\libc.a(tolower.o)
                0x000045dc                tolower
 *fill*         0x0000460e        0x2 90909090
 .text          0x00004610       0xb5 d:/jicamasdk/uclibc/lib/\libc.a(fflush.o)
                0x00004610                fflush
                0x00004610                fflush_unlocked
 *fill*         0x000046c5        0x3 90909090
 .text          0x000046c8       0x39 d:/jicamasdk/uclibc/lib/\libc.a(fputc.o)
                0x000046c8                fputc
                0x000046c8                fputc_unlocked
 *fill*         0x00004701        0x3 90909090
 .text          0x00004704       0x48 d:/jicamasdk/uclibc/lib/\libc.a(fputs.o)
                0x00004704                fputs_unlocked
                0x00004704                fputs
 .text          0x0000474c      0x391 d:/jicamasdk/uclibc/lib/\libc.a(_stdio_fwrite.o)
                0x000047ba                _stdio_fwrite
 *fill*         0x00004add        0x3 90909090
 .text          0x00004ae0       0x45 d:/jicamasdk/uclibc/lib/\libc.a(_stdio_lseek.o)
                0x00004ae0                _stdio_lseek
 *fill*         0x00004b25        0x3 90909090
 .text          0x00004b28      0x207 d:/jicamasdk/uclibc/lib/\libc.a(_uintmaxtostr.o)
                0x00004b28                _uintmaxtostr
 *fill*         0x00004d2f        0x1 90909090
 .text          0x00004d30       0x5c d:/jicamasdk/uclibc/lib/\libc.a(_store_inttype.o)
                0x00004d30                _store_inttype
 .text          0x00004d8c       0xb9 d:/jicamasdk/uclibc/lib/\libc.a(_load_inttype.o)
                0x00004d8c                _load_inttype
 *fill*         0x00004e45        0x3 90909090
 .text          0x00004e48       0xbf d:/jicamasdk/uclibc/lib/\libc.a(_ppfs_init.o)
                0x00004e48                _ppfs_init
 *fill*         0x00004f07        0x1 90909090
 .text          0x00004f08       0x5c d:/jicamasdk/uclibc/lib/\libc.a(_ppfs_prepargs.o)
                0x00004f08                _ppfs_prepargs
 .text          0x00004f64      0x25a d:/jicamasdk/uclibc/lib/\libc.a(_ppfs_setargs.o)
                0x00004f64                _ppfs_setargs
 *fill*         0x000051be        0x2 90909090
 .text          0x000051c0      0x52f d:/jicamasdk/uclibc/lib/\libc.a(_ppfs_parsespec.o)
                0x0000525e                _ppfs_parsespec
 *fill*         0x000056ef        0x1 90909090
 .text          0x000056f0       0x3f d:/jicamasdk/uclibc/lib/\libc.a(memcpy.o)
                0x000056f0                memcpy
 *fill*         0x0000572f        0x1 90909090
 .text          0x00005730       0x36 d:/jicamasdk/uclibc/lib/\libc.a(mempcpy.o)
                0x00005730                mempcpy
                0x00005730                __mempcpy
 *fill*         0x00005766        0x2 90909090
 .text          0x00005768       0x2f d:/jicamasdk/uclibc/lib/\libc.a(strchr.o)
                0x00005768                index
                0x00005768                strchr
 *fill*         0x00005797        0x1 90909090
 .text          0x00005798       0x3e d:/jicamasdk/uclibc/lib/\libc.a(strncmp.o)
                0x00005798                strncmp
 *fill*         0x000057d6        0x2 90909090
 .text          0x000057d8       0x57 d:/jicamasdk/uclibc/lib/\libc.a(strndup.o)
                0x000057d8                strndup
 *fill*         0x0000582f        0x1 90909090
 .text          0x00005830       0xbf d:/jicamasdk/uclibc/lib/\libc.a(xstatconv.o)
                0x00005830                __xstat_conv
 *fill*         0x000058ef        0x1 90909090
 .text          0x000058f0       0x41 d:/jicamasdk/uclibc/lib/\libc.a(__libc_lseek.o)
                0x000058f0                lseek
                0x000058f0                __libc_lseek
 *fill*         0x00005931        0x3 90909090
 .text          0x00005934       0xb7 d:/jicamasdk/uclibc/lib/\libc.a(fseek.o)
                0x00005934                fseeko
                0x00005934                fseek
 *fill*         0x000059eb        0x1 90909090
 .text          0x000059ec       0x89 d:/jicamasdk/uclibc/lib/\libc.a(_stdio_adjpos.o)
                0x000059ec                _stdio_adjpos
 *(.gnu.warning)

.fini
 *(.fini)
                0x00005a75                PROVIDE (__etext, .)
                0x00005a75                PROVIDE (_etext, .)
                0x00005a75                PROVIDE (etext, .)

.rodata         0x00005a80     0x14fe
 *(.rodata .rodata.* .gnu.linkonce.r.*)
 .rodata.str1.1
                0x00005a80      0x158 ./jicama//init.o
                                0x171 (size before relaxing)
 *fill*         0x00005bd8        0x8 00
 .rodata.str1.32
                0x00005be0       0x7f ./jicama//init.o
 .rodata        0x00005c5f        0xb d:/jicamasdk/uclibc/lib/\libc.a(perror.o)
 .rodata        0x00005c6a       0x20 d:/jicamasdk/uclibc/lib/\libc.a(vfprintf.o)
 *fill*         0x00005c8a       0x16 00
 .rodata        0x00005ca0       0xec d:/jicamasdk/uclibc/lib/\libc.a(_fpmaxtostr.o)
 .rodata        0x00005d8c        0xe d:/jicamasdk/uclibc/lib/\libc.a(_susv3_strerror_r.o)
 *fill*         0x00005d9a        0x6 00
 .rodata        0x00005da0      0xb5a d:/jicamasdk/uclibc/lib/\libc.a(_string_syserrmsgs.o)
                0x00005da0                _string_syserrmsgs
 *fill*         0x000068fa        0x6 00
 .rodata        0x00006900      0x300 d:/jicamasdk/uclibc/lib/\libc.a(__C_ctype_b.o)
                0x00006900                __C_ctype_b_data
 .rodata        0x00006c00      0x300 d:/jicamasdk/uclibc/lib/\libc.a(__C_ctype_tolower.o)
                0x00006c00                __C_ctype_tolower_data
 .rodata        0x00006f00       0x7e d:/jicamasdk/uclibc/lib/\libc.a(_ppfs_parsespec.o)

.rodata1
 *(.rodata1)

.eh_frame_hdr
 *(.eh_frame_hdr)
                0x00006f7e                . = (ALIGN (0x1000) - ((0x1000 - .) & 0xfff))
                0x00007000                . = (0x1000 DATA_SEGMENT_ALIGN 0x1000)
                0x00007000                . = ALIGN (0x4)
                0x00007000                PROVIDE (__preinit_array_start, .)

.preinit_array
 *(.preinit_array)
                0x00007000                PROVIDE (__preinit_array_end, .)
                0x00007000                PROVIDE (__init_array_start, .)

.init_array
 *(.init_array)
                0x00007000                PROVIDE (__init_array_end, .)
                0x00007000                PROVIDE (__fini_array_start, .)

.fini_array
 *(.fini_array)
                0x00007000                PROVIDE (__fini_array_end, .)

.data           0x00007000      0x3d4
 *(.data .data.* .gnu.linkonce.d.*)
 .data          0x00007000      0x230 ./jicama//init.o
 *fill*         0x00007230       0x10 00
 .data          0x00007240       0x7c d:/jicamasdk/uclibc/lib/\libc.a(_stdio_init.o)
                0x000072b0                stdout
                0x000072b8                _stdio_openlist
                0x000072ac                stdin
                0x000072b4                stderr
 *fill*         0x000072bc        0x4 00
 .data          0x000072c0      0x104 d:/jicamasdk/uclibc/lib/\libc.a(malloc.o)
                0x000073c0                __malloc_heap
 .data          0x000073c4        0x8 d:/jicamasdk/uclibc/lib/\libc.a(__C_ctype_b.o)
                0x000073c8                __ctype_b
                0x000073c4                __C_ctype_b
 .data          0x000073cc        0x8 d:/jicamasdk/uclibc/lib/\libc.a(__C_ctype_tolower.o)
                0x000073cc                __C_ctype_tolower
                0x000073d0                __ctype_tolower

.data1
 *(.data1)

.tdata
 *(.tdata .tdata.* .gnu.linkonce.td.*)

.tbss
 *(.tbss .tbss.* .gnu.linkonce.tb.*)
 *(.tcommon)

.eh_frame
 *(.eh_frame)

.gcc_except_table
 *(.gcc_except_table)

.dynamic
 *(.dynamic)

.ctors
 *crtbegin*.o(.ctors)
 *(EXCLUDE_FILE(*crtend*.o) .ctors)
 *(SORT(.ctors.*))
 *(.ctors)

.dtors
 *crtbegin*.o(.dtors)
 *(EXCLUDE_FILE(*crtend*.o) .dtors)
 *(SORT(.dtors.*))
 *(.dtors)

.jcr
 *(.jcr)

.got
 *(.got.plt)
 *(.got)
                0x000073d4                _edata = .
                0x000073d4                PROVIDE (edata, .)
                0x000073d4                __bss_start = .

.bss            0x000073e0     0x20e4
 *(.dynbss)
 *(.bss .bss.* .gnu.linkonce.b.*)
 .bss           0x000073e0       0x14 ./jicama//init.o
 *fill*         0x000073f4        0xc 00
 .bss           0x00007400       0x58 d:/jicamasdk/uclibc/lib/\libnetbas.a(api.o)
 .bss           0x00007458        0xc d:/jicamasdk/uclibc/lib/\libc.a(__uClibc_main.o)
                0x00007458                __environ
                0x0000745c                __progname
 .bss           0x00007464        0x8 d:/jicamasdk/uclibc/lib/\libc.a(errno.o)
                0x00007468                _h_errno
                0x00007464                errno
                0x00007468                h_errno
                0x00007464                _errno
 *fill*         0x0000746c       0x14 00
 .bss           0x00007480     0x2000 d:/jicamasdk/uclibc/lib/\libc.a(_stdio_init.o)
 .bss           0x00009480       0x32 d:/jicamasdk/uclibc/lib/\libc.a(strerror.o)
 *fill*         0x000094b2        0x2 00
 .bss           0x000094b4        0x4 d:/jicamasdk/uclibc/lib/\libc.a(exit.o)
                0x000094b4                __exit_cleanup
 .bss           0x000094b8        0x4 d:/jicamasdk/uclibc/lib/\libc.a(setenv.o)
 .bss           0x000094bc        0x4 d:/jicamasdk/uclibc/lib/\libc.a(brk.o)
                0x000094bc                ___brk_addr
 *(COMMON)
 COMMON         0x000094c0        0x4 ./jicama//init.o
                                  0x0 (size before relaxing)
                0x000094c0                environ
                0x000094c4                . = ALIGN (0x4)
                0x000094c4                . = ALIGN (0x4)
                0x000094c4                _end = .
                0x000094c4                PROVIDE (end, .)
                0x000094c4                . = DATA_SEGMENT_END (.)

.stab           0x00000000     0x17d0
 *(.stab)
 .stab          0x00000000     0x17d0 ./jicama//init.o

.stabstr        0x00000000     0x2321
 *(.stabstr)
 .stabstr       0x00000000     0x2321 ./jicama//init.o
                                  0x0 (size before relaxing)

.stab.excl
 *(.stab.excl)

.stab.exclstr
 *(.stab.exclstr)

.stab.index
 *(.stab.index)

.stab.indexstr
 *(.stab.indexstr)

.comment        0x00000000       0x24
 *(.comment)
 .comment       0x00000000       0x12 ./jicama//init.o
 .comment       0x00000012       0x12 d:/jicamasdk/uclibc/lib/\libnetbas.a(api.o)

.debug
 *(.debug)

.line
 *(.line)

.debug_srcinfo
 *(.debug_srcinfo)

.debug_sfnames
 *(.debug_sfnames)

.debug_aranges
 *(.debug_aranges)

.debug_pubnames
 *(.debug_pubnames)

.debug_info
 *(.debug_info .gnu.linkonce.wi.*)

.debug_abbrev
 *(.debug_abbrev)

.debug_line
 *(.debug_line)

.debug_frame
 *(.debug_frame)

.debug_str
 *(.debug_str)

.debug_loc
 *(.debug_loc)

.debug_macinfo
 *(.debug_macinfo)

.debug_weaknames
 *(.debug_weaknames)

.debug_funcnames
 *(.debug_funcnames)

.debug_typenames
 *(.debug_typenames)

.debug_varnames
 *(.debug_varnames)
OUTPUT(jicama/init elf32-i386)
